2025-12-02 19:05:34 - Session history saved to C:\Users\chase\IdeaProjects\PythonProject1\tic-tac-toe\data\history\20251202\session_history.log
2025-12-02 19:05:34 - Round finished (O) in 7.40s
2025-12-02 19:05:53 - Session history saved to C:\Users\chase\IdeaProjects\PythonProject1\tic-tac-toe\data\history\20251202\session_history.log
2025-12-02 19:05:53 - Round finished (Draw) in 7.86s
2025-12-02 19:09:00 - Session history saved to C:\Users\chase\IdeaProjects\PythonProject1\tic-tac-toe\data\history\20251202\session_history.log
2025-12-02 19:09:00 - Round finished (X) in 3.70s
2025-12-02 19:09:08 - Session history saved to C:\Users\chase\IdeaProjects\PythonProject1\tic-tac-toe\data\history\20251202\session_history.log
2025-12-02 19:09:08 - Round finished (O) in 3.47s
2025-12-02 19:12:01 - Session history saved to C:\Users\chase\IdeaProjects\PythonProject1\tic-tac-toe\data\history\20251202\session_history.log
2025-12-02 19:12:01 - Round finished (O) in 7.29s
2025-12-24 20:46:10 - Session history saved to C:\Users\chase\IdeaProjects\PythonProject1\tic-tac-toe\data\history\20251224\session_history.log
2025-12-24 20:46:10 - Round finished (O) in 31.32s
2025-12-24 20:51:07 - Session history saved to C:\Users\chase\IdeaProjects\PythonProject1\tic-tac-toe\data\history\20251224\session_history.log
2025-12-24 20:51:07 - Round finished (Draw) in 7.05s
2025-12-25 08:32:32 - Session history saved to C:\Users\chase\IdeaProjects\PythonProject1\tic-tac-toe\data\history\20251225\session_history.log
2025-12-25 08:32:32 - Round finished (Draw) in 6.13s
2025-12-25 10:31:35 - Session history saved to C:\Users\chase\IdeaProjects\PythonProject1\tic-tac-toe\data\history\20251225\session_history.log
2025-12-25 10:31:35 - Round finished (Draw) in 10.07s
2025-12-26 14:24:10 - Session history saved to C:\Users\chase\IdeaProjects\PythonProject1\tic-tac-toe\data\history\20251226\session_history.log
2025-12-26 14:24:10 - Round finished (O) in 6.89s
2025-12-30 18:05:20 - Session history saved to C:\Users\Myleek\repo\PythonProject1\tic-tac-toe\data\history\20251230\session_history.log
2025-12-30 18:05:20 - Round finished (Draw) in 29.27s
2025-12-30 18:05:29 - Session history saved to C:\Users\Myleek\repo\PythonProject1\tic-tac-toe\data\history\20251230\session_history.log
2025-12-30 18:05:29 - Round finished (X) in 3.51s
2025-12-30 18:05:40 - Session history saved to C:\Users\Myleek\repo\PythonProject1\tic-tac-toe\data\history\20251230\session_history.log
2025-12-30 18:05:40 - Round finished (Draw) in 6.06s
2025-12-30 18:05:58 - Session history saved to C:\Users\Myleek\repo\PythonProject1\tic-tac-toe\data\history\20251230\session_history.log
2025-12-30 18:05:58 - Round finished (Draw) in 6.46s
2025-12-30 18:06:10 - Session history saved to C:\Users\Myleek\repo\PythonProject1\tic-tac-toe\data\history\20251230\session_history.log
2025-12-30 18:06:10 - Round finished (Draw) in 7.60s
2026-01-15 17:48:51 - Session history saved to C:\Users\Myleek\repo\PythonProject1\tic-tac-toe\data\history\20260115\session_history.log
2026-01-15 17:48:51 - Round finished (X) in 2.92s
